package discard_handler

import (
	"io"
	"log/slog"
)

func _() {
	_ = slog.DiscardHandler() // want `use slog.DiscardHandler instead`
	_ = slog.DiscardHandler() // want `use slog.DiscardHandler instead`
}
